[config] isContainer=false, cwd=C:\Users\hp\Downloads\Micheal FB bot, HEADLESS_env=false, final HEADLESS=false
[scheduler] Loaded 12 posts from posts.json
[scheduler] Found next post: Post #1
[puppeteer] HEADLESS mode: DISABLED
[puppeteer] Launch args: ["--no-sandbox","--disable-setuid-sandbox","--disable-dev-shm-usage","--disable-gpu","--no-first-run"]...
[captcha] Checking for CAPTCHAΓÇª
[session] Attempting auto-login...
[login] ====== AUTO-LOGIN ATTEMPT ======
[login] Already logged in.
[session-debug] URL: https://www.facebook.com/, has c_user: true, isLoggedInState: true
[session-debug] c_user value: 61561381861771
[session] Cookies saved to session.json
[multi-group] Posting to 18 group(s).

======================================================================
≡ƒô¥ POST #1 START TIME: 11:57:38 PM
======================================================================

[group 1/18] https://www.facebook.com/groups/225542072815842
ΓÅ▒∩╕Å  [timer] Group 1 total time started
[group 1] Opening in new tab...
ΓÅ▒∩╕Å  [timer] Group 1 navigation started
Γ£ô [timer] Group 1 navigation - took 2.40s
[login] ====== AUTO-LOGIN ATTEMPT ======
[login] Already logged in.
ΓÅ▒∩╕Å  [timer] Group 1 captcha started
[captcha] Checking for CAPTCHAΓÇª
Γ£ô [timer] Group 1 captcha - took 0.58s
[group 1] Opening composer...
ΓÅ▒∩╕Å  [timer] Group 1 composer open started
Γ£ô [timer] Group 1 composer open - took 1.57s
[images] Resolved image dir: C:\Users\hp\Downloads\Micheal FB bot\images
[images] Found 8 image(s): [
  'C:\\Users\\hp\\Downloads\\Micheal FB bot\\images\\BPC_01_Red_Bold.jpg',
  'C:\\Users\\hp\\Downloads\\Micheal FB bot\\images\\BPC_02_Navy_Gold.jpg',
  'C:\\Users\\hp\\Downloads\\Micheal FB bot\\images\\BPC_03_Teal_Modern.jpg',
  'C:\\Users\\hp\\Downloads\\Micheal FB bot\\images\\BPC_04_Black_Yellow.jpg',
  'C:\\Users\\hp\\Downloads\\Micheal FB bot\\images\\BPC_05_Warm_Earthy.jpg',
  'C:\\Users\\hp\\Downloads\\Micheal FB bot\\images\\BPC_06_Sage_Section8.jpg',
  'C:\\Users\\hp\\Downloads\\Micheal FB bot\\images\\BPC_07_Orange_Dark.jpg',
  'C:\\Users\\hp\\Downloads\\Micheal FB bot\\images\\BPC_08_Steel_Blue.jpg'
]
[images] postId=1 ΓåÆ index=0 ΓåÆ C:\Users\hp\Downloads\Micheal FB bot\images\BPC_01_Red_Bold.jpg
[group 1] Typing message...
ΓÅ▒∩╕Å  [timer] Group 1 typing started
[compose] Fast paste method ΓÇö inserting 664 characters instantlyΓÇª
[compose] Γ£ô Text inserted successfully (clipboard paste method).
Γ£ô [timer] Group 1 typing - took 3.11s
ΓÅ▒∩╕Å  [timer] Group 1 image upload started
[group 1] ≡ƒû╝∩╕Å  Starting image upload: C:\Users\hp\Downloads\Micheal FB bot\images\BPC_01_Red_Bold.jpg
[group 1] File inputs before photo click: 2
[group 1] Γ£à Method 2: textbox-parent button clicked
[group 1] ΓÜá∩╕Å  No new file input appeared: Waiting failed: 8000ms exceeded
[group 1] File inputs after photo click: 2
[group 1] Γ£à uploadFile() on composer input (index 2)
[group 1] Γ¥î File input has no value after uploadFile()
Γ£ô [timer] Group 1 image upload - took 11.40s
node : [group 1] ΓÜá∩╕Å Image upload failed - will post TEXT ONLY
At line:1 char:100
+ ... ESTING BOT - Running one cycle...`n" ; node src/index.js 2>&1 | Tee-O ...
+                                            ~~~~~~~~~~~~~~~~~~~~~~
    + CategoryInfo          : NotSpecified: ([group 1] ΓÜá∩╕... post TEXT ONLY 
   :String) [], RemoteException
    + FullyQualifiedErrorId : NativeCommandError
 
[group 1] Γ£à Image upload settled
[group 1] Submitting post...
ΓÅ▒∩╕Å  [timer] Group 1 submit started
[group 1] Submit attempt 1/3...
[group 1] Γ£ô Post button clicked via evaluate
[group 1] Waiting for dialog to close...
[group 1] Γ£ô Success message detected: ┬á
number of unread notifications
1
dayton ohio tenants for rental homes
public group
┬á
┬╖
43.1k members
invite
share
joined
pending admin approval
3 posts learn more
manage posts
more
about
discussion

Γ£ô [timer] Group 1 submit - took 0.42s
[group 1] Γ£à Post submitted!
[group 1] Waiting 30s before next group...
Γ£ô [timer] Group 1 total time - took 63.42s

[group 2/18] https://www.facebook.com/groups/1616735018616241
ΓÅ▒∩╕Å  [timer] Group 2 total time started
Γ¥î [group 2] Error: Connection closed.
Γ£ô [timer] Group 2 total time - took 0.00s
[posting] Error on post #1: Connection closed.
[posting] Browser disconnected. Stopping run so this post can be retried next 
launch.
ConnectionClosedError: Connection closed.
    at Connection._rawSend (C:\Users\hp\Downloads\Micheal FB 
bot\node_modules\puppeteer-core\lib\cjs\puppeteer\cdp\Connection.js:106:35)
    at Connection.send (C:\Users\hp\Downloads\Micheal FB 
bot\node_modules\puppeteer-core\lib\cjs\puppeteer\cdp\Connection.js:99:21)
    at CdpBrowser._createPageInContext (C:\Users\hp\Downloads\Micheal FB 
bot\node_modules\puppeteer-core\lib\cjs\puppeteer\cdp\Browser.js:200:53)
    at CdpBrowser._createPageInContext (C:\Users\hp\Downloads\Micheal FB 
bot\node_modules\puppeteer-extra\dist\index.cjs.js:210:51)
    at CdpBrowserContext.newPage (C:\Users\hp\Downloads\Micheal FB 
bot\node_modules\puppeteer-core\lib\cjs\puppeteer\cdp\BrowserContext.js:140:40)
    at async CdpBrowser.newPage (C:\Users\hp\Downloads\Micheal FB 
bot\node_modules\puppeteer-core\lib\cjs\puppeteer\cdp\Browser.js:193:16)
    at async main 
(file:///C:/Users/hp/Downloads/Micheal%20FB%20bot/src/index.js:937:23)

[exit] Ensuring posting state is saved...
